==========================================================================================
表 1  指定日期的计划购电量（kWh）
==========================================================================================

2025.3.20
  10:00-10:10         0.0000
  12:00-12:10       875.1429
  14:00-14:10         0.0000
  16:00-16:10       466.6546
  18:00-18:10       664.8475
  20:00-20:10        -0.0000
  全天购电量     73098.1392 kWh
  全天购电费     44825.8421 元

2025.6.21
  10:00-10:10         0.0000
  12:00-12:10         0.0000
  14:00-14:10         0.0000
  16:00-16:10       318.0538
  18:00-18:10       385.1604
  20:00-20:10        -0.0000
  全天购电量     42371.8519 kWh
  全天购电费     26641.0106 元

2025.9.23
  10:00-10:10         0.0000
  12:00-12:10       478.5204
  14:00-14:10         0.0000
  16:00-16:10       382.8500
  18:00-18:10       756.0025
  20:00-20:10        17.1167
  全天购电量     70728.4003 kWh
  全天购电费     44197.5871 元

2025.12.21
  10:00-10:10        -0.0000
  12:00-12:10       960.1179
  14:00-14:10         0.0000
  16:00-16:10       885.7275
  18:00-18:10       688.6300
  20:00-20:10         0.0000
  全天购电量    102480.4845 kWh
  全天购电费     66939.3793 元

==========================================================================================
表 2  指定日期的储能充放电量（kWh）
==========================================================================================

2025.3.20
  0:00-4:00     充电      45.4824   放电     368.3030
  4:00-8:00     充电    1345.7698   放电    3625.6713
  8:00-12:00    充电    5600.2687   放电    2974.3244
  12:00-16:00   充电    2096.5896   放电     404.8426
  16:00-20:00   充电      58.4672   放电    4422.7040
  20:00-24:00   充电    9816.8242   放电    3564.5103
  0:00 储电量    10800.0000 kWh
  24:00 储电量   10800.0000 kWh

2025.6.21
  0:00-4:00     充电      62.6484   放电     589.7393
  4:00-8:00     充电     302.5614   放电    4145.3016
  8:00-12:00    充电    5518.6099   放电       0.0000
  12:00-16:00   充电       0.0000   放电       0.0000
  16:00-20:00   充电       0.9151   放电    3503.3885
  20:00-24:00   充电    7290.6744   放电    2402.7990
  0:00 储电量    10765.7188 kWh
  24:00 储电量   10800.0000 kWh

2025.9.23
  0:00-4:00     充电    2527.9576   放电     114.4016
  4:00-8:00     充电    1376.5877   放电    4663.8590
  8:00-12:00    充电    3482.4600   放电    1903.9501
  12:00-16:00   充电    4876.6472   放电     403.2659
  16:00-20:00   充电      76.4741   放电    4732.2797
  20:00-24:00   充电    9803.5090   放电    3313.1198
  0:00 储电量     7635.4645 kWh
  24:00 储电量   10752.6521 kWh

2025.12.21
  0:00-4:00     充电      49.4428   放电      41.0811
  4:00-8:00     充电     673.3277   放电     544.3630
  8:00-12:00    充电    5738.9615   放电    6445.7585
  12:00-16:00   充电    4937.9285   放电    2202.5224
  16:00-20:00   充电      18.0963   放电    4460.3693
  20:00-24:00   充电    9818.5870   放电    3507.3442
  0:00 储电量    10800.0000 kWh
  24:00 储电量   10800.0000 kWh

==========================================================================================
表 3  指定日期的紧急购电量（kWh）
==========================================================================================

2025.3.20
  0:30-0:40             0.9521
  1:10-1:50           170.2755
  2:40-3:00            12.9792
  3:10-4:20           210.9141
  4:30-4:40             1.1888
  5:00-5:40            89.0114
  6:00-6:10             9.1324
  6:20-6:30            11.9424
  6:40-7:30           192.7599
  8:10-8:50           256.9898
  9:00-9:20            34.2426
  15:00-15:10          42.2961
  15:30-16:20          79.2005
  16:50-17:00           4.4801
  18:10-18:30          15.3268
  18:50-19:20          75.3770
  20:10-20:30          38.0522
  21:20-22:00          49.0856

2025.6.21
  1:30-1:40             3.0337
  3:00-3:40           216.4776
  4:00-4:30           283.3216
  4:40-5:30           327.6760
  5:50-6:40           160.9066
  19:00-19:20          13.7746
  20:30-20:40          15.5147

2025.9.23
  0:50-1:00            34.0292
  1:30-1:50            16.6623
  2:10-2:30            61.6821
  3:30-3:40            15.3104
  5:00-5:20            18.9298
  6:00-7:10           288.5483
  7:50-9:20           499.9941
  9:30-10:00           63.0327
  10:10-10:20           3.3890
  14:30-15:10         250.5328
  16:00-16:10          96.0112
  16:30-16:50          46.9315
  17:10-17:30          18.8489
  18:20-18:40          51.1081
  18:50-20:40         376.3377
  21:00-21:20          62.8987
  21:30-21:50          43.4296

2025.12.21
  0:30-0:40             5.4447
  1:40-1:50             5.7841
  3:10-3:30             8.9390
  3:40-4:00            33.0346
  6:00-6:10             1.5878
  8:00-8:10            24.5698
  14:50-15:00          17.5870
  17:00-17:10           6.1680
  18:00-18:10           2.5040
  18:30-19:10         112.5994
  19:30-19:40           6.2761
  19:50-20:10          44.6667
  20:40-20:50          20.0991

==========================================================================================
输出期总费用
==========================================================================================
  计划购电总费用: 13205443.57 元
  紧急购电总费用: 2522270.18 元
  总购电费用:     15727713.74 元
结果文件已生成: D:\-\Q2\output\result2.xlsx
