============================================================================
问题 2 模型检验
============================================================================

[1] 原始可行性
  [PASS] 能量平衡残差: 2.274e-13
  [PASS] 储能动态残差: 9.095e-13
  [PASS] 储能越下限: 0.000e+00
  [PASS] 储能越上限: 0.000e+00
  [PASS] 充电越上限: 0.000e+00
  [PASS] 放电越上限: 0.000e+00
  [PASS] 购电为负: 4.661e-11
  [PASS] 紧急购电为负: 0.000e+00
  [PASS] 弃光为负: 0.000e+00
  [PASS] 同时充放电时段数: 0.000e+00

[2] 跨日连续性与费用重算
  跨日 SOC 最大断点: 0.000e+00
  计划费用最大误差: 0.000e+00
  紧急费用最大误差: 0.000e+00
  总费用最大误差:   0.000e+00
  [PASS] 跨日连续性与费用重算

[3] 预测因果性抽查
  [PASS] 负载/光伏点预测仅用历史，场景生成无 NaN/Inf

[4] result2.xlsx 复核
  工作表名: ['计划购电量', '充放电量', '紧急购电量']
  计划购电量行数: 335 (期望 335)
  计划购电量最大数值误差: 5.000e-07
  充放电量行数: 2005 (期望 2005)
  紧急购电量逐日汇总最大误差: 4.093e-06
  [PASS] result2.xlsx 数值对齐

[5] 紧急购电语义不变量
  计划>=净负荷仍紧急购电的时段数: 0
  紧急购电与充电同时发生的时段数: 0
  紧急购电超过当期缺口的最大量: 0.000e+00 kWh
  紧急购电与放电后剩余缺口最大误差: 0.000e+00 kWh
  紧急购电与弃电同时发生的时段数: 0
  [PASS] 紧急购电语义不变量

============================================================================
结论: 问题 2 模型检验 PASS。
============================================================================
